12 tasks
[chunk ok] single s0 ppo_mlp_rule (133s)
[chunk ok] single s0 ppo_mlp_rule (153s)
[chunk ok] single s0 ppo_mlp_rule (152s)
[chunk ok] single s0 ppo_mlp_rule (156s)
[chunk ok] single s0 ppo_mlp_rule (151s)
[chunk ok] single s0 ppo_mlp_rule (139s)
[done] single s0 ppo_mlp_rule
[chunk ok] single s1 ppo_mlp_rule (151s)
[chunk ok] single s1 ppo_mlp_rule (152s)
[chunk ok] single s1 ppo_mlp_rule (153s)
[chunk ok] single s1 ppo_mlp_rule (153s)
[chunk ok] single s1 ppo_mlp_rule (156s)
[chunk ok] single s1 ppo_mlp_rule (134s)
[done] single s1 ppo_mlp_rule
[chunk ok] single s2 ppo_mlp_rule (150s)
[chunk ok] single s2 ppo_mlp_rule (151s)
[chunk ok] single s2 ppo_mlp_rule (151s)
[chunk ok] single s2 ppo_mlp_rule (151s)
[chunk ok] single s2 ppo_mlp_rule (152s)
[chunk ok] single s2 ppo_mlp_rule (133s)
[done] single s2 ppo_mlp_rule
[chunk ok] static s0 ppo_mlp_rule (150s)
[chunk ok] static s0 ppo_mlp_rule (151s)
[chunk ok] static s0 ppo_mlp_rule (151s)
[chunk ok] static s0 ppo_mlp_rule (139s)
[chunk ok] static s0 ppo_mlp_rule (151s)
[chunk ok] static s0 ppo_mlp_rule (134s)
[done] static s0 ppo_mlp_rule
[chunk ok] static s1 ppo_mlp_rule (150s)
[chunk ok] static s1 ppo_mlp_rule (151s)
[chunk ok] static s1 ppo_mlp_rule (139s)
[chunk ok] static s1 ppo_mlp_rule (151s)
[chunk ok] static s1 ppo_mlp_rule (151s)
[chunk ok] static s1 ppo_mlp_rule (134s)
[done] static s1 ppo_mlp_rule
[chunk ok] static s2 ppo_mlp_rule (151s)
[chunk ok] static s2 ppo_mlp_rule (159s)
[chunk ok] static s2 ppo_mlp_rule (152s)
[chunk ok] static s2 ppo_mlp_rule (139s)
[chunk ok] static s2 ppo_mlp_rule (141s)
[chunk ok] static s2 ppo_mlp_rule (136s)
[done] static s2 ppo_mlp_rule
[chunk ok] dynamic s0 ppo_mlp_rule (152s)
[chunk ok] dynamic s0 ppo_mlp_rule (138s)
[chunk ok] dynamic s0 ppo_mlp_rule (139s)
[chunk ok] dynamic s0 ppo_mlp_rule (156s)
[chunk ok] dynamic s0 ppo_mlp_rule (158s)
[chunk ok] dynamic s0 ppo_mlp_rule (135s)
[done] dynamic s0 ppo_mlp_rule
[chunk ok] dynamic s1 ppo_mlp_rule (157s)
[chunk ok] dynamic s1 ppo_mlp_rule (153s)
[chunk ok] dynamic s1 ppo_mlp_rule (152s)
[chunk ok] dynamic s1 ppo_mlp_rule (140s)
[chunk ok] dynamic s1 ppo_mlp_rule (152s)
[chunk ok] dynamic s1 ppo_mlp_rule (135s)
[done] dynamic s1 ppo_mlp_rule
[chunk ok] dynamic s2 ppo_mlp_rule (152s)
[chunk ok] dynamic s2 ppo_mlp_rule (152s)
[chunk ok] dynamic s2 ppo_mlp_rule (158s)
[chunk ok] dynamic s2 ppo_mlp_rule (154s)
[chunk ok] dynamic s2 ppo_mlp_rule (140s)
[chunk ok] dynamic s2 ppo_mlp_rule (135s)
[done] dynamic s2 ppo_mlp_rule
[chunk ok] obvious s0 ppo_mlp_rule (151s)
[chunk ok] obvious s0 ppo_mlp_rule (151s)
[chunk ok] obvious s0 ppo_mlp_rule (152s)
[chunk ok] obvious s0 ppo_mlp_rule (153s)
[chunk ok] obvious s0 ppo_mlp_rule (152s)
[chunk ok] obvious s0 ppo_mlp_rule (135s)
[done] obvious s0 ppo_mlp_rule
[chunk ok] obvious s1 ppo_mlp_rule (140s)
[chunk ok] obvious s1 ppo_mlp_rule (153s)
[chunk ok] obvious s1 ppo_mlp_rule (140s)
[chunk ok] obvious s1 ppo_mlp_rule (151s)
[chunk ok] obvious s1 ppo_mlp_rule (151s)
[chunk ok] obvious s1 ppo_mlp_rule (138s)
[done] obvious s1 ppo_mlp_rule
[chunk ok] obvious s2 ppo_mlp_rule (152s)
[chunk ok] obvious s2 ppo_mlp_rule (155s)
[chunk ok] obvious s2 ppo_mlp_rule (156s)
[chunk ok] obvious s2 ppo_mlp_rule (143s)
[chunk ok] obvious s2 ppo_mlp_rule (155s)
[chunk ok] obvious s2 ppo_mlp_rule (135s)
[done] obvious s2 ppo_mlp_rule
done: 12/12
